# Synospys Constraint Checker(syntax only), version maprc, Build 1911R, built Nov 26 2013
# Copyright (C) 1994-2013, Synopsys, Inc. This software and the associated documentation are proprietary to Synopsys, Inc. This software may only be used in accordance with the terms and conditions of a written license agreement with Synopsys, Inc.  All other use or distribution of the software is strictly prohibited.

# Written on Sun Mar 20 21:11:52 2016


##### DESIGN INFO #######################################################

Top View:                "vdp"
Constraint File(s):      (none)

#Run constraint checker to find more issues with constraints.
#########################################################################



No issues found in constraint syntax.



Clock Summary
**************

Start       Requested     Requested     Clock        Clock                
Clock       Frequency     Period        Type         Group                
--------------------------------------------------------------------------
vdp|clk     154.7 MHz     6.466         inferred     Autoconstr_clkgroup_0
==========================================================================
